Loading ShopBot Constants...
    ...done
Resetting ShopBot state...
    Clearing all input triggers...
        ...done
    Jogging home...
        ...done
    Resetting spindle movement speeds...
        ...done
    Entering Relative Dimension mode...
        ...done
    Entering limit switches...
        ...done
Checking ShopBot State...
    Configured Plate Dimensions (in) : [3.5, 3.5, 0.5]
    Configured Speed Limits (in/sec) : 0.25 (Approach), 3.5 (Jogging)]
    Turning off spindle...
        ...done
    Plate Check Message...
        ...done
    Loading Custom Cut 90 Variables...
        &my_ZzeroInput  = 3
        &my_XYzeroSafeZ = 0
        &my_ZzeroSafeZ  = 0
        ...done
    Converting dimensions to metric...
        Metric Plate Dimensions (mm) : [88.9, 88.9, 12.7]
        Metric Speed Limits (mm/sec) : 6.35 (Approach), 88.9 (Jogging)
        ...done
    Home Position : [0, 0, 0]
    Minimum Limit : [0, 0, 0]
    Maximum Limit : [0, 0, 0]
    ShopBot XY Speeds     : 0.5 (Move), 3.5 (Jogging)
    ShopBot Z Speeds      : 0.5 (Move), 3.5 (Jogging)
    Calibration XY Speeds : 0.5 (Approach), 3.5 (Jogging)
    Calibration Z Speeds  : 0.5 (Approach), 3.5 (Jogging)
    Entering Absolute Dimension mode...
        ...done
    Disabling limit switches...
        ...done
Calibrating the Z-Axis...
    Testing if input is clear...
        ...done
    Testing first-pass along the Z-axis...
        Input triggered!  Jogging back...
            ...done
    Testing second-pass along the Z-axis...
        Input triggered!  Jogging back...
            ...done
    Z-Axis Trigger Point : 25
    Jogging home...
        ...done
Calibrating the X-Axis...
    Testing if input is clear...
        ...done
    Jogging to test location...
        ...done
    Testing first-pass along the X-axis...
        Input triggered!  Jogging back...
            ...done
    Testing second-pass along the X-axis...
        Input triggered!  Jogging back...
            ...done
    X-Axis Trigger Point : 25
    Jogging home...
        ...done
Calibrating the Y-Axis...
    Testing if input is clear...
        ...done
    Jogging to test location...
        ...done
    Testing first-pass along the Y-axis...
        Input triggered!  Jogging back...
            ...done
    Testing second-pass along the Y-axis...
        Input triggered!  Jogging back...
            ...done
    Y-Axis Trigger Point : 25
    Jogging home...
        ...done
Zeroing Axes...
    New Zero Point : [5, 5, 5]
    Moving to new zero-point
    ...done
Calibration Complete!
